// Jest Snapshot v1, https://goo.gl/fbAQLP

exports[`render LoadingPage component should render LoadingPage component 1`] = `
<div
  className="circularWrapper"
>
  <WithStyles(ForwardRef(CircularProgress)) />
  <h3>
    <p>
      loading
    </p>
  </h3>
</div>
`;
